2026-09-30 20:25:29,129 - INFO - Starting...
2026-09-30 20:25:29,129 - INFO - Copying static files to docs...
2026-09-30 20:25:29,131 - INFO - Deleting directory docs/blog
2026-09-30 20:25:29,139 - INFO - Deleting directory docs/contact
2026-09-30 20:25:29,142 - INFO - Deleting directory docs/images
2026-09-30 20:25:29,146 - INFO - Deleting file docs/index.css
2026-09-30 20:25:29,146 - INFO - Deleting file docs/index.html
2026-09-30 20:25:29,148 - INFO - Copying directory static/images to docs/images
2026-09-30 20:25:29,149 - INFO - Gathering child elements from directory...
2026-09-30 20:25:29,150 - INFO - Copying file static/images/glorfindel.png to docs/images/glorfindel.png
2026-09-30 20:25:29,160 - INFO - Copying file static/images/rivendell.png to docs/images/rivendell.png
2026-09-30 20:25:29,179 - INFO - Copying file static/images/tolkien.png to docs/images/tolkien.png
2026-09-30 20:25:29,193 - INFO - Copying file static/images/tom.png to docs/images/tom.png
2026-09-30 20:25:29,204 - INFO - Copying file static/index.css to docs/index.css
2026-09-30 20:25:29,235 - INFO - Gathering items from directory content...
2026-09-30 20:25:29,235 - INFO - Examining item at path content/blog
2026-09-30 20:25:29,236 - INFO - Item at path content/blog is a directory
2026-09-30 20:25:29,238 - INFO - Gathering items from directory content/blog...
2026-09-30 20:25:29,238 - INFO - Examining item at path content/blog/glorfindel
2026-09-30 20:25:29,241 - INFO - Item at path content/blog/glorfindel is a directory
2026-09-30 20:25:29,242 - INFO - Gathering items from directory content/blog/glorfindel...
2026-09-30 20:25:29,242 - INFO - Examining item at path content/blog/glorfindel/index.md
2026-09-30 20:25:29,243 - INFO - Item parents: ('content', 'blog', 'glorfindel', 'index.md')
2026-09-30 20:25:29,244 - INFO - Item source path stem: blog/glorfindel/index.md
2026-09-30 20:25:29,244 - INFO - Item dest path stem: blog/glorfindel
2026-09-30 20:25:29,244 - INFO - Item destination path: docs/blog/glorfindel/index.html
2026-09-30 20:25:29,244 - INFO - Generating page from content/blog/glorfindel/index.md to docs/blog/glorfindel/index.html...
2026-09-30 20:25:29,245 - INFO - Reading from markdown file...
2026-09-30 20:25:29,246 - INFO - Reading from template file...
2026-09-30 20:25:29,247 - INFO - Converting markdown to html node...
2026-09-30 20:25:29,247 - INFO - Converting text node to html node...
2026-09-30 20:25:29,248 - INFO - Converting text node to html node...
2026-09-30 20:25:29,248 - INFO - Converting text node to html node...
2026-09-30 20:25:29,248 - INFO - Converting text node to html node...
2026-09-30 20:25:29,248 - INFO - Converting text node to html node...
2026-09-30 20:25:29,249 - INFO - Converting text node to html node...
2026-09-30 20:25:29,249 - INFO - Converting text node to html node...
2026-09-30 20:25:29,249 - INFO - Converting text node to html node...
2026-09-30 20:25:29,249 - INFO - Converting text node to html node...
2026-09-30 20:25:29,250 - INFO - Converting text node to html node...
2026-09-30 20:25:29,250 - INFO - Converting text node to html node...
2026-09-30 20:25:29,250 - INFO - Converting text node to html node...
2026-09-30 20:25:29,250 - INFO - Converting text node to html node...
2026-09-30 20:25:29,250 - INFO - Converting text node to html node...
2026-09-30 20:25:29,251 - INFO - Converting text node to html node...
2026-09-30 20:25:29,251 - INFO - Converting text node to html node...
2026-09-30 20:25:29,251 - INFO - Converting text node to html node...
2026-09-30 20:25:29,251 - INFO - Converting text node to html node...
2026-09-30 20:25:29,251 - INFO - Converting text node to html node...
2026-09-30 20:25:29,252 - INFO - Converting text node to html node...
2026-09-30 20:25:29,252 - INFO - Converting text node to html node...
2026-09-30 20:25:29,252 - INFO - Converting text node to html node...
2026-09-30 20:25:29,252 - INFO - Converting text node to html node...
2026-09-30 20:25:29,252 - INFO - Converting text node to html node...
2026-09-30 20:25:29,253 - INFO - Converting text node to html node...
2026-09-30 20:25:29,253 - INFO - Converting text node to html node...
2026-09-30 20:25:29,253 - INFO - Converting text node to html node...
2026-09-30 20:25:29,253 - INFO - Converting text node to html node...
2026-09-30 20:25:29,253 - INFO - Converting text node to html node...
2026-09-30 20:25:29,254 - INFO - Converting text node to html node...
2026-09-30 20:25:29,254 - INFO - Converting text node to html node...
2026-09-30 20:25:29,254 - INFO - Converting text node to html node...
2026-09-30 20:25:29,254 - INFO - Converting text node to html node...
2026-09-30 20:25:29,254 - INFO - Converting text node to html node...
2026-09-30 20:25:29,255 - INFO - Converting text node to html node...
2026-09-30 20:25:29,255 - INFO - Converting text node to html node...
2026-09-30 20:25:29,255 - INFO - Converting text node to html node...
2026-09-30 20:25:29,256 - INFO - Converting text node to html node...
2026-09-30 20:25:29,256 - INFO - Converting text node to html node...
2026-09-30 20:25:29,256 - INFO - Converting text node to html node...
2026-09-30 20:25:29,257 - INFO - Converting text node to html node...
2026-09-30 20:25:29,257 - INFO - Converting text node to html node...
2026-09-30 20:25:29,257 - INFO - Converting text node to html node...
2026-09-30 20:25:29,257 - INFO - Converting text node to html node...
2026-09-30 20:25:29,257 - INFO - Converting text node to html node...
2026-09-30 20:25:29,258 - INFO - Converting text node to html node...
2026-09-30 20:25:29,258 - INFO - Converting text node to html node...
2026-09-30 20:25:29,258 - INFO - Converting html node to html...
2026-09-30 20:25:29,258 - INFO - Extracting page title...
2026-09-30 20:25:29,258 - INFO - Updating html template...
2026-09-30 20:25:29,259 - INFO - Writing updated html page to docs/blog/glorfindel/index.html
2026-09-30 20:25:29,263 - INFO - Examining item at path content/blog/majesty
2026-09-30 20:25:29,264 - INFO - Item at path content/blog/majesty is a directory
2026-09-30 20:25:29,266 - INFO - Gathering items from directory content/blog/majesty...
2026-09-30 20:25:29,266 - INFO - Examining item at path content/blog/majesty/index.md
2026-09-30 20:25:29,267 - INFO - Item parents: ('content', 'blog', 'majesty', 'index.md')
2026-09-30 20:25:29,267 - INFO - Item source path stem: blog/majesty/index.md
2026-09-30 20:25:29,267 - INFO - Item dest path stem: blog/majesty
2026-09-30 20:25:29,268 - INFO - Item destination path: docs/blog/majesty/index.html
2026-09-30 20:25:29,268 - INFO - Generating page from content/blog/majesty/index.md to docs/blog/majesty/index.html...
2026-09-30 20:25:29,268 - INFO - Reading from markdown file...
2026-09-30 20:25:29,269 - INFO - Reading from template file...
2026-09-30 20:25:29,271 - INFO - Converting markdown to html node...
2026-09-30 20:25:29,271 - INFO - Converting text node to html node...
2026-09-30 20:25:29,271 - INFO - Converting text node to html node...
2026-09-30 20:25:29,271 - INFO - Converting text node to html node...
2026-09-30 20:25:29,272 - INFO - Converting text node to html node...
2026-09-30 20:25:29,273 - INFO - Converting text node to html node...
2026-09-30 20:25:29,273 - INFO - Converting text node to html node...
2026-09-30 20:25:29,273 - INFO - Converting text node to html node...
2026-09-30 20:25:29,273 - INFO - Converting text node to html node...
2026-09-30 20:25:29,274 - INFO - Converting text node to html node...
2026-09-30 20:25:29,274 - INFO - Converting text node to html node...
2026-09-30 20:25:29,274 - INFO - Converting text node to html node...
2026-09-30 20:25:29,274 - INFO - Converting text node to html node...
2026-09-30 20:25:29,275 - INFO - Converting text node to html node...
2026-09-30 20:25:29,275 - INFO - Converting text node to html node...
2026-09-30 20:25:29,275 - INFO - Converting text node to html node...
2026-09-30 20:25:29,275 - INFO - Converting text node to html node...
2026-09-30 20:25:29,275 - INFO - Converting text node to html node...
2026-09-30 20:25:29,276 - INFO - Converting text node to html node...
2026-09-30 20:25:29,276 - INFO - Converting text node to html node...
2026-09-30 20:25:29,276 - INFO - Converting text node to html node...
2026-09-30 20:25:29,276 - INFO - Converting text node to html node...
2026-09-30 20:25:29,276 - INFO - Converting text node to html node...
2026-09-30 20:25:29,277 - INFO - Converting text node to html node...
2026-09-30 20:25:29,277 - INFO - Converting text node to html node...
2026-09-30 20:25:29,277 - INFO - Converting text node to html node...
2026-09-30 20:25:29,277 - INFO - Converting text node to html node...
2026-09-30 20:25:29,278 - INFO - Converting text node to html node...
2026-09-30 20:25:29,278 - INFO - Converting text node to html node...
2026-09-30 20:25:29,278 - INFO - Converting text node to html node...
2026-09-30 20:25:29,278 - INFO - Converting text node to html node...
2026-09-30 20:25:29,278 - INFO - Converting text node to html node...
2026-09-30 20:25:29,279 - INFO - Converting text node to html node...
2026-09-30 20:25:29,279 - INFO - Converting text node to html node...
2026-09-30 20:25:29,279 - INFO - Converting text node to html node...
2026-09-30 20:25:29,279 - INFO - Converting text node to html node...
2026-09-30 20:25:29,279 - INFO - Converting text node to html node...
2026-09-30 20:25:29,280 - INFO - Converting text node to html node...
2026-09-30 20:25:29,280 - INFO - Converting text node to html node...
2026-09-30 20:25:29,280 - INFO - Converting text node to html node...
2026-09-30 20:25:29,280 - INFO - Converting text node to html node...
2026-09-30 20:25:29,280 - INFO - Converting text node to html node...
2026-09-30 20:25:29,281 - INFO - Converting text node to html node...
2026-09-30 20:25:29,281 - INFO - Converting text node to html node...
2026-09-30 20:25:29,281 - INFO - Converting text node to html node...
2026-09-30 20:25:29,281 - INFO - Converting text node to html node...
2026-09-30 20:25:29,282 - INFO - Converting text node to html node...
2026-09-30 20:25:29,282 - INFO - Converting text node to html node...
2026-09-30 20:25:29,282 - INFO - Converting text node to html node...
2026-09-30 20:25:29,282 - INFO - Converting text node to html node...
2026-09-30 20:25:29,282 - INFO - Converting text node to html node...
2026-09-30 20:25:29,283 - INFO - Converting text node to html node...
2026-09-30 20:25:29,283 - INFO - Converting text node to html node...
2026-09-30 20:25:29,283 - INFO - Converting text node to html node...
2026-09-30 20:25:29,283 - INFO - Converting text node to html node...
2026-09-30 20:25:29,283 - INFO - Converting text node to html node...
2026-09-30 20:25:29,284 - INFO - Converting text node to html node...
2026-09-30 20:25:29,284 - INFO - Converting text node to html node...
2026-09-30 20:25:29,284 - INFO - Converting text node to html node...
2026-09-30 20:25:29,284 - INFO - Converting text node to html node...
2026-09-30 20:25:29,285 - INFO - Converting text node to html node...
2026-09-30 20:25:29,285 - INFO - Converting text node to html node...
2026-09-30 20:25:29,285 - INFO - Converting text node to html node...
2026-09-30 20:25:29,285 - INFO - Converting text node to html node...
2026-09-30 20:25:29,285 - INFO - Converting text node to html node...
2026-09-30 20:25:29,286 - INFO - Converting text node to html node...
2026-09-30 20:25:29,286 - INFO - Converting text node to html node...
2026-09-30 20:25:29,286 - INFO - Converting text node to html node...
2026-09-30 20:25:29,286 - INFO - Converting text node to html node...
2026-09-30 20:25:29,286 - INFO - Converting html node to html...
2026-09-30 20:25:29,287 - INFO - Extracting page title...
2026-09-30 20:25:29,287 - INFO - Updating html template...
2026-09-30 20:25:29,287 - INFO - Writing updated html page to docs/blog/majesty/index.html
2026-09-30 20:25:29,303 - INFO - Examining item at path content/blog/tom
2026-09-30 20:25:29,309 - INFO - Item at path content/blog/tom is a directory
2026-09-30 20:25:29,318 - INFO - Gathering items from directory content/blog/tom...
2026-09-30 20:25:29,318 - INFO - Examining item at path content/blog/tom/index.md
2026-09-30 20:25:29,321 - INFO - Item parents: ('content', 'blog', 'tom', 'index.md')
2026-09-30 20:25:29,321 - INFO - Item source path stem: blog/tom/index.md
2026-09-30 20:25:29,321 - INFO - Item dest path stem: blog/tom
2026-09-30 20:25:29,322 - INFO - Item destination path: docs/blog/tom/index.html
2026-09-30 20:25:29,326 - INFO - Generating page from content/blog/tom/index.md to docs/blog/tom/index.html...
2026-09-30 20:25:29,327 - INFO - Reading from markdown file...
2026-09-30 20:25:29,330 - INFO - Reading from template file...
2026-09-30 20:25:29,332 - INFO - Converting markdown to html node...
2026-09-30 20:25:29,332 - INFO - Converting text node to html node...
2026-09-30 20:25:29,333 - INFO - Converting text node to html node...
2026-09-30 20:25:29,334 - INFO - Converting text node to html node...
2026-09-30 20:25:29,334 - INFO - Converting text node to html node...
2026-09-30 20:25:29,335 - INFO - Converting text node to html node...
2026-09-30 20:25:29,336 - INFO - Converting text node to html node...
2026-09-30 20:25:29,336 - INFO - Converting text node to html node...
2026-09-30 20:25:29,336 - INFO - Converting text node to html node...
2026-09-30 20:25:29,336 - INFO - Converting text node to html node...
2026-09-30 20:25:29,337 - INFO - Converting text node to html node...
2026-09-30 20:25:29,337 - INFO - Converting text node to html node...
2026-09-30 20:25:29,337 - INFO - Converting text node to html node...
2026-09-30 20:25:29,337 - INFO - Converting text node to html node...
2026-09-30 20:25:29,342 - INFO - Converting text node to html node...
2026-09-30 20:25:29,342 - INFO - Converting text node to html node...
2026-09-30 20:25:29,342 - INFO - Converting text node to html node...
2026-09-30 20:25:29,342 - INFO - Converting text node to html node...
2026-09-30 20:25:29,343 - INFO - Converting text node to html node...
2026-09-30 20:25:29,343 - INFO - Converting text node to html node...
2026-09-30 20:25:29,344 - INFO - Converting text node to html node...
2026-09-30 20:25:29,347 - INFO - Converting text node to html node...
2026-09-30 20:25:29,351 - INFO - Converting text node to html node...
2026-09-30 20:25:29,351 - INFO - Converting text node to html node...
2026-09-30 20:25:29,351 - INFO - Converting text node to html node...
2026-09-30 20:25:29,352 - INFO - Converting text node to html node...
2026-09-30 20:25:29,352 - INFO - Converting text node to html node...
2026-09-30 20:25:29,353 - INFO - Converting text node to html node...
2026-09-30 20:25:29,355 - INFO - Converting text node to html node...
2026-09-30 20:25:29,357 - INFO - Converting text node to html node...
2026-09-30 20:25:29,357 - INFO - Converting text node to html node...
2026-09-30 20:25:29,358 - INFO - Converting text node to html node...
2026-09-30 20:25:29,359 - INFO - Converting text node to html node...
2026-09-30 20:25:29,359 - INFO - Converting text node to html node...
2026-09-30 20:25:29,360 - INFO - Converting text node to html node...
2026-09-30 20:25:29,360 - INFO - Converting text node to html node...
2026-09-30 20:25:29,360 - INFO - Converting text node to html node...
2026-09-30 20:25:29,361 - INFO - Converting text node to html node...
2026-09-30 20:25:29,362 - INFO - Converting text node to html node...
2026-09-30 20:25:29,362 - INFO - Converting text node to html node...
2026-09-30 20:25:29,362 - INFO - Converting html node to html...
2026-09-30 20:25:29,363 - INFO - Extracting page title...
2026-09-30 20:25:29,364 - INFO - Updating html template...
2026-09-30 20:25:29,364 - INFO - Writing updated html page to docs/blog/tom/index.html
2026-09-30 20:25:29,368 - INFO - Examining item at path content/contact
2026-09-30 20:25:29,369 - INFO - Item at path content/contact is a directory
2026-09-30 20:25:29,370 - INFO - Gathering items from directory content/contact...
2026-09-30 20:25:29,370 - INFO - Examining item at path content/contact/index.md
2026-09-30 20:25:29,371 - INFO - Item parents: ('content', 'contact', 'index.md')
2026-09-30 20:25:29,371 - INFO - Item source path stem: contact/index.md
2026-09-30 20:25:29,372 - INFO - Item dest path stem: contact
2026-09-30 20:25:29,372 - INFO - Item destination path: docs/contact/index.html
2026-09-30 20:25:29,373 - INFO - Generating page from content/contact/index.md to docs/contact/index.html...
2026-09-30 20:25:29,373 - INFO - Reading from markdown file...
2026-09-30 20:25:29,374 - INFO - Reading from template file...
2026-09-30 20:25:29,375 - INFO - Converting markdown to html node...
2026-09-30 20:25:29,375 - INFO - Converting text node to html node...
2026-09-30 20:25:29,376 - INFO - Converting text node to html node...
2026-09-30 20:25:29,376 - INFO - Converting text node to html node...
2026-09-30 20:25:29,376 - INFO - Converting text node to html node...
2026-09-30 20:25:29,376 - INFO - Converting text node to html node...
2026-09-30 20:25:29,376 - INFO - Converting html node to html...
2026-09-30 20:25:29,376 - INFO - Extracting page title...
2026-09-30 20:25:29,377 - INFO - Updating html template...
2026-09-30 20:25:29,377 - INFO - Writing updated html page to docs/contact/index.html
2026-09-30 20:25:29,379 - INFO - Examining item at path content/contactclear
2026-09-30 20:25:29,380 - INFO - Item at path content/contactclear is a directory
2026-09-30 20:25:29,381 - INFO - Gathering items from directory content/contactclear...
2026-09-30 20:25:29,381 - INFO - Examining item at path content/index.md
2026-09-30 20:25:29,382 - INFO - Item parents: ('content', 'index.md')
2026-09-30 20:25:29,382 - INFO - Item source path stem: index.md
2026-09-30 20:25:29,382 - INFO - Item dest path stem: 
2026-09-30 20:25:29,383 - INFO - Item destination path: docs/index.html
2026-09-30 20:25:29,383 - INFO - Generating page from content/index.md to docs/index.html...
2026-09-30 20:25:29,383 - INFO - Reading from markdown file...
2026-09-30 20:25:29,384 - INFO - Reading from template file...
2026-09-30 20:25:29,385 - INFO - Converting markdown to html node...
2026-09-30 20:25:29,385 - INFO - Converting text node to html node...
2026-09-30 20:25:29,385 - INFO - Converting text node to html node...
2026-09-30 20:25:29,386 - INFO - Converting text node to html node...
2026-09-30 20:25:29,386 - INFO - Converting text node to html node...
2026-09-30 20:25:29,386 - INFO - Converting text node to html node...
2026-09-30 20:25:29,386 - INFO - Converting text node to html node...
2026-09-30 20:25:29,386 - INFO - Converting text node to html node...
2026-09-30 20:25:29,387 - INFO - Converting text node to html node...
2026-09-30 20:25:29,387 - INFO - Converting text node to html node...
2026-09-30 20:25:29,387 - INFO - Converting text node to html node...
2026-09-30 20:25:29,387 - INFO - Converting text node to html node...
2026-09-30 20:25:29,387 - INFO - Converting text node to html node...
2026-09-30 20:25:29,388 - INFO - Converting text node to html node...
2026-09-30 20:25:29,388 - INFO - Converting text node to html node...
2026-09-30 20:25:29,388 - INFO - Converting text node to html node...
2026-09-30 20:25:29,388 - INFO - Converting text node to html node...
2026-09-30 20:25:29,388 - INFO - Converting text node to html node...
2026-09-30 20:25:29,389 - INFO - Converting text node to html node...
2026-09-30 20:25:29,389 - INFO - Converting text node to html node...
2026-09-30 20:25:29,390 - INFO - Converting text node to html node...
2026-09-30 20:25:29,390 - INFO - Converting text node to html node...
2026-09-30 20:25:29,390 - INFO - Converting text node to html node...
2026-09-30 20:25:29,390 - INFO - Converting text node to html node...
2026-09-30 20:25:29,390 - INFO - Converting text node to html node...
2026-09-30 20:25:29,390 - INFO - Converting text node to html node...
2026-09-30 20:25:29,391 - INFO - Converting text node to html node...
2026-09-30 20:25:29,391 - INFO - Converting text node to html node...
2026-09-30 20:25:29,391 - INFO - Converting text node to html node...
2026-09-30 20:25:29,391 - INFO - Converting text node to html node...
2026-09-30 20:25:29,391 - INFO - Converting text node to html node...
2026-09-30 20:25:29,392 - INFO - Converting text node to html node...
2026-09-30 20:25:29,392 - INFO - Converting text node to html node...
2026-09-30 20:25:29,392 - INFO - Converting text node to html node...
2026-09-30 20:25:29,392 - INFO - Converting text node to html node...
2026-09-30 20:25:29,392 - INFO - Converting text node to html node...
2026-09-30 20:25:29,393 - INFO - Converting text node to html node...
2026-09-30 20:25:29,393 - INFO - Converting text node to html node...
2026-09-30 20:25:29,393 - INFO - Converting text node to html node...
2026-09-30 20:25:29,393 - INFO - Converting text node to html node...
2026-09-30 20:25:29,393 - INFO - Converting html node to html...
2026-09-30 20:25:29,394 - INFO - Extracting page title...
2026-09-30 20:25:29,394 - INFO - Updating html template...
2026-09-30 20:25:29,394 - INFO - Writing updated html page to docs/index.html
2026-09-30 20:25:29,396 - INFO - Finished
